******************************************************************************
                  TI ARM Linker PC v18.12.2                    
******************************************************************************
>> Linked Wed Jul 31 15:32:41 2019

OUTPUT FILE NAME:   <VirtualPet.out>
ENTRY POINT SYMBOL: "_c_int00_noargs"  address: 00001d0d


MEMORY CONFIGURATION

         name            origin    length      used     unused   attr    fill
----------------------  --------  ---------  --------  --------  ----  --------
  FLASH                 00000000   00040000  00002819  0003d7e7  R  X
  SRAM                  20000000   00008000  000004a4  00007b5c  RW X


SEGMENT ALLOCATION MAP

run origin  load origin   length   init length attrs members
----------  ----------- ---------- ----------- ----- -------
00000000    00000000    00002820   00002820    r-x
  00000000    00000000    0000026c   0000026c    r-- .intvecs
  0000026c    0000026c    00001b7a   00001b7a    r-x .text
  00001de8    00001de8    000009eb   000009eb    r-- .const
  000027d8    000027d8    00000048   00000048    r-- .cinit
20000000    20000000    000004a8   00000000    rw-
  20000000    20000000    0000026c   00000000    rw- .vtable
  20000270    20000270    00000200   00000000    rw- .stack
  20000470    20000470    00000024   00000000    rw- .bss
  20000494    20000494    00000014   00000000    rw- .data


SECTION ALLOCATION MAP

 output                                  attributes/
section   page    origin      length       input sections
--------  ----  ----------  ----------   ----------------
.intvecs   0    00000000    0000026c     
                  00000000    0000026c     tm4c123gh6pm_startup_ccs.obj (.intvecs)

.text      0    0000026c    00001b7a     
                  0000026c    000013f0     ST7735.obj (.text)
                  0000165c    00000132     driverlib.lib : gpio.obj (.text:GPIOPadConfigSet)
                  0000178e    00000112     tm4c123gh6pm_startup_ccs.obj (.text)
                  000018a0    000000f8     main.obj (.text)
                  00001998    0000009c     rtsv7M4_T_le_v4SPD16_eabi.lib : memcpy_t2.asm.obj (.text)
                  00001a34    00000088     PLL.obj (.text)
                  00001abc    00000068     driverlib.lib : interrupt.obj (.text:IntEnable)
                  00001b24    00000068     rtsv7M4_T_le_v4SPD16_eabi.lib : copy_decompress_lzss.c.obj (.text:decompress:lzss:__TI_decompress_lzss)
                  00001b8c    00000056     driverlib.lib : gpio.obj (.text:GPIOIntTypeSet)
                  00001be2    00000002     --HOLE-- [fill = 0]
                  00001be4    00000044                   : gpio.obj (.text:_GPIOIntNumberGet)
                  00001c28    00000044     rtsv7M4_T_le_v4SPD16_eabi.lib : autoinit.c.obj (.text:__TI_auto_init_nobinit_nopinit:__TI_auto_init_nobinit_nopinit)
                  00001c6c    00000038     driverlib.lib : sysctl.obj (.text:SysCtlPeripheralReady)
                  00001ca4    00000034                   : interrupt.obj (.text:IntRegister)
                  00001cd8    00000034                   : sysctl.obj (.text:SysCtlPeripheralEnable)
                  00001d0c    00000034     rtsv7M4_T_le_v4SPD16_eabi.lib : boot_cortex_m.c.obj (.text:_c_int00_noargs:_c_int00_noargs)
                  00001d40    0000002a     driverlib.lib : gpio.obj (.text:GPIODirModeSet)
                  00001d6a    0000001c     rtsv7M4_T_le_v4SPD16_eabi.lib : copy_zero_init.c.obj (.text:decompress:ZI:__TI_zero_init_nomemset:__TI_zero_init_nomemset)
                  00001d86    00000018     driverlib.lib : gpio.obj (.text:GPIOIntRegister)
                  00001d9e    00000012                   : gpio.obj (.text:GPIOPinTypeGPIOInput)
                  00001db0    0000000e                   : gpio.obj (.text:GPIOIntStatus)
                  00001dbe    0000000e     rtsv7M4_T_le_v4SPD16_eabi.lib : copy_decompress_none.c.obj (.text:decompress:none:__TI_decompress_none)
                  00001dcc    0000000c     driverlib.lib : gpio.obj (.text:GPIOIntEnable)
                  00001dd8    00000006                   : gpio.obj (.text:GPIOIntClear)
                  00001dde    00000004     rtsv7M4_T_le_v4SPD16_eabi.lib : pre_init.c.obj (.text:_system_pre_init)
                  00001de2    00000004                                   : exit.c.obj (.text:abort:abort)

.const     0    00001de8    000009eb     
                  00001de8    000004fb     ST7735.obj (.const:.string:Font)
                  000022e3    00000200     ST7735.obj (.const:.string:dBfs)
                  000024e3    00000001     --HOLE-- [fill = 0]
                  000024e4    000000d8     driverlib.lib : gpio.obj (.const:g_ppui32GPIOIntMapSnowflake)
                  000025bc    000000c0                   : gpio.obj (.const:g_ppui32GPIOIntMapBlizzard)
                  0000267c    00000070                   : interrupt.obj (.const)
                  000026ec    00000067     ST7735.obj (.const:.string:Bcmd)
                  00002753    0000003b     ST7735.obj (.const:.string:Rcmd1)
                  0000278e    0000002b     ST7735.obj (.const:.string:Rcmd3)
                  000027b9    0000000d     ST7735.obj (.const:.string:Rcmd2green)
                  000027c6    0000000d     ST7735.obj (.const:.string:Rcmd2red)

.cinit     0    000027d8    00000048     
                  000027d8    00000012     (.cinit..data.load) [load image, compression = lzss]
                  000027ea    00000002     --HOLE-- [fill = 0]
                  000027ec    0000000c     (__TI_handler_table)
                  000027f8    00000008     (.cinit..bss.load) [load image, compression = zero_init]
                  00002800    00000008     (.cinit..vtable.load) [load image, compression = zero_init]
                  00002808    00000018     (__TI_cinit_table)

.init_array 
*          0    00000000    00000000     UNINITIALIZED

.vtable    0    20000000    0000026c     UNINITIALIZED
                  20000000    0000026c     driverlib.lib : interrupt.obj (.vtable)

.bss       0    20000470    00000024     UNINITIALIZED
                  20000470    0000000c     (.common:Message)
                  2000047c    00000004     ST7735.obj (.bss)
                  20000480    00000004     (.common:Messageindex)
                  20000484    00000004     (.common:X)
                  20000488    00000004     (.common:Ymax)
                  2000048c    00000004     (.common:Ymin)
                  20000490    00000004     (.common:Yrange)

.data      0    20000494    00000014     UNINITIALIZED
                  20000494    00000014     ST7735.obj (.data)

.stack     0    20000270    00000200     UNINITIALIZED
                  20000270    00000004     rtsv7M4_T_le_v4SPD16_eabi.lib : boot_cortex_m.c.obj (.stack)
                  20000274    000001fc     --HOLE--

MODULE SUMMARY

       Module                         code   ro data   rw data
       ------                         ----   -------   -------
    .\
       ST7735.obj                     5104   2018      56     
       tm4c123gh6pm_startup_ccs.obj   274    620       0      
       main.obj                       248    0         0      
       PLL.obj                        136    0         0      
    +--+------------------------------+------+---------+---------+
       Total:                         5762   2638      56     
                                                              
    C:/ti/tivaware_c_series_2_1_4_178/driverlib/ccs/Debug/driverlib.lib
       gpio.obj                       576    408       0      
       interrupt.obj                  156    112       620    
       sysctl.obj                     108    0         0      
    +--+------------------------------+------+---------+---------+
       Total:                         840    520       620    
                                                              
    D:\ti\ccs910\ccs\tools\compiler\ti-cgt-arm_18.12.2.LTS\lib\rtsv7M4_T_le_v4SPD16_eabi.lib
       memcpy_t2.asm.obj              156    0         0      
       copy_decompress_lzss.c.obj     104    0         0      
       autoinit.c.obj                 68     0         0      
       boot_cortex_m.c.obj            52     0         0      
       copy_zero_init.c.obj           28     0         0      
       copy_decompress_none.c.obj     14     0         0      
       exit.c.obj                     4      0         0      
       pre_init.c.obj                 4      0         0      
    +--+------------------------------+------+---------+---------+
       Total:                         430    0         0      
                                                              
       Stack:                         0      0         512    
       Linker Generated:              0      70        0      
    +--+------------------------------+------+---------+---------+
       Grand Total:                   7032   3228      1188   


LINKER GENERATED COPY TABLES

__TI_cinit_table @ 00002808 records: 3, size/record: 8, table size: 24
	.data: load addr=000027d8, load size=00000012 bytes, run addr=20000494, run size=00000014 bytes, compression=lzss
	.bss: load addr=000027f8, load size=00000008 bytes, run addr=20000470, run size=00000024 bytes, compression=zero_init
	.vtable: load addr=00002800, load size=00000008 bytes, run addr=20000000, run size=0000026c bytes, compression=zero_init


LINKER GENERATED HANDLER TABLE

__TI_handler_table @ 000027ec records: 3, size/record: 4, table size: 12
	index: 0, handler: __TI_zero_init
	index: 1, handler: __TI_decompress_lzss
	index: 2, handler: __TI_decompress_none


GLOBAL SYMBOLS: SORTED ALPHABETICALLY BY Name 

address   name                          
-------   ----                          
000017bf  ADC0Seq0_Handler              
000017c1  ADC0Seq1_Handler              
000017c3  ADC0Seq2_Handler              
000017c5  ADC0Seq3_Handler              
00001803  ADC1Seq0_Handler              
00001805  ADC1Seq1_Handler              
00001807  ADC1Seq2_Handler              
00001809  ADC1Seq3_Handler              
00001de3  C$$EXIT                       
000017f1  CAN0_Handler                  
000017f3  CAN1_Handler                  
000017f5  CAN2_Handler                  
000017d5  Comp0_Handler                 
000017d7  Comp1_Handler                 
000017d9  Comp2_Handler                 
0000179d  DebugMon_Handler              
000002b9  Delay1ms                      
000018a1  DelayWait10ms                 
00001887  DisableInterrupts             
0000188b  EnableInterrupts              
00001897  EndCritical                   
000017f7  Ethernet_Handler              
0000180d  ExtBus_Handler                
00001847  FPU_Handler                   
00001857  Fan0_Handler                  
000017dd  FlashCtl_Handler              
00001d41  GPIODirModeSet                
00001dd9  GPIOIntClear                  
00001dcd  GPIOIntEnable                 
00001d87  GPIOIntRegister               
00001db1  GPIOIntStatus                 
00001b8d  GPIOIntTypeSet                
0000165d  GPIOPadConfigSet              
00001d9f  GPIOPinTypeGPIOInput          
000017a3  GPIOPortA_Handler             
000017a5  GPIOPortB_Handler             
000017a7  GPIOPortC_Handler             
000017a9  GPIOPortD_Handler             
000017ab  GPIOPortE_Handler             
000017df  GPIOPortF_Handler             
000017e1  GPIOPortG_Handler             
000017e3  GPIOPortH_Handler             
0000180f  GPIOPortJ_Handler             
00001811  GPIOPortK_Handler             
00001813  GPIOPortL_Handler             
00001851  GPIOPortM_Handler             
00001853  GPIOPortN_Handler             
0000185b  GPIOPortP1_Handler            
0000185d  GPIOPortP2_Handler            
0000185f  GPIOPortP3_Handler            
00001861  GPIOPortP4_Handler            
00001863  GPIOPortP5_Handler            
00001865  GPIOPortP6_Handler            
00001867  GPIOPortP7_Handler            
00001859  GPIOPortP_Handler             
0000186b  GPIOPortQ1_Handler            
0000186d  GPIOPortQ2_Handler            
0000186f  GPIOPortQ3_Handler            
00001871  GPIOPortQ4_Handler            
00001873  GPIOPortQ5_Handler            
00001875  GPIOPortQ6_Handler            
00001877  GPIOPortQ7_Handler            
00001869  GPIOPortQ_Handler             
00001879  GPIOPortR_Handler             
0000187b  GPIOPortS_Handler             
000017f9  Hibernate_Handler             
000017b3  I2C0_Handler                  
000017ed  I2C1_Handler                  
00001823  I2C2_Handler                  
00001825  I2C3_Handler                  
0000184d  I2C4_Handler                  
0000184f  I2C5_Handler                  
0000180b  I2S0_Handler                  
00001abd  IntEnable                     
00001ca5  IntRegister                   
0000184b  LPC0_Handler                  
20000470  Message                       
20000480  Messageindex                  
000015fb  Output_Clear                  
00001615  Output_Color                  
000015eb  Output_Init                   
00001605  Output_Off                    
0000160d  Output_On                     
00001849  PECI0_Handler                 
00001a35  PLL_Init                      
000017b5  PWM0Fault_Handler             
000017b7  PWM0Generator0_Handler        
000017b9  PWM0Generator1_Handler        
000017bb  PWM0Generator2_Handler        
000017fd  PWM0Generator3_Handler        
00001885  PWM1Fault_Handler             
0000187d  PWM1Generator0_Handler        
0000187f  PWM1Generator1_Handler        
00001881  PWM1Generator2_Handler        
00001883  PWM1Generator3_Handler        
0000179f  PendSV_Handler                
000018d1  PortDIntHandler               
000017bd  Quadrature0_Handler           
000017ef  Quadrature1_Handler           
00001855  Quadrature2_Handler           
0000178f  ResetISR                      
000017b1  SSI0_Handler                  
000017e7  SSI1_Handler                  
00001815  SSI2_Handler                  
00001817  SSI3_Handler                  
0000091d  ST7735_Color565               
0000097f  ST7735_DrawBitmap             
00000cf1  ST7735_DrawChar               
00000b7d  ST7735_DrawCharS              
00000721  ST7735_DrawFastHLine          
0000062f  ST7735_DrawFastVLine          
000005d5  ST7735_DrawPixel              
00000e5f  ST7735_DrawString             
00000811  ST7735_FillRect               
000007d1  ST7735_FillScreen             
000004a5  ST7735_InitB                  
000004c5  ST7735_InitR                  
00001093  ST7735_InvertDisplay          
000014d1  ST7735_OutChar                
0000158d  ST7735_OutString              
00000f4d  ST7735_OutUDec                
000013dd  ST7735_PlotBar                
000010ab  ST7735_PlotClear              
000011cd  ST7735_PlotLine               
0000147d  ST7735_PlotNext               
00001497  ST7735_PlotNextErase          
00001107  ST7735_PlotPoint              
00001307  ST7735_PlotPoints             
00001433  ST7735_PlotdBfs               
00000f27  ST7735_SetCursor              
00000fc9  ST7735_SetRotation            
000015ab  ST7735_SetTextColor           
00000959  ST7735_SwapColor              
0000179b  SVC_Handler                   
2000049c  StTextColor                   
20000494  StX                           
20000498  StY                           
0000188f  StartCritical                 
00001cd9  SysCtlPeripheralEnable        
00001c6d  SysCtlPeripheralReady         
000017db  SysCtl_Handler                
000017a1  SysTick_Handler               
000017c9  Timer0A_Handler               
000017cb  Timer0B_Handler               
000017cd  Timer1A_Handler               
000017cf  Timer1B_Handler               
000017d1  Timer2A_Handler               
000017d3  Timer2B_Handler               
000017e9  Timer3A_Handler               
000017eb  Timer3B_Handler               
00001827  Timer4A_Handler               
00001829  Timer4B_Handler               
0000182b  Timer5A_Handler               
0000182d  Timer5B_Handler               
000017ad  UART0_Handler                 
000017af  UART1_Handler                 
000017e5  UART2_Handler                 
00001819  UART3_Handler                 
0000181b  UART4_Handler                 
0000181d  UART5_Handler                 
0000181f  UART6_Handler                 
00001821  UART7_Handler                 
000017fb  USB0_Handler                  
000017c7  WDT_Handler                   
0000189d  WaitForInterrupt              
0000182f  WideTimer0A_Handler           
00001831  WideTimer0B_Handler           
00001833  WideTimer1A_Handler           
00001835  WideTimer1B_Handler           
00001837  WideTimer2A_Handler           
00001839  WideTimer2B_Handler           
0000183b  WideTimer3A_Handler           
0000183d  WideTimer3B_Handler           
0000183f  WideTimer4A_Handler           
00001841  WideTimer4B_Handler           
00001843  WideTimer5A_Handler           
00001845  WideTimer5B_Handler           
20000484  X                             
20000488  Ymax                          
2000048c  Ymin                          
20000490  Yrange                        
20000470  __STACK_END                   
00000200  __STACK_SIZE                  
20000470  __STACK_TOP                   
00002808  __TI_CINIT_Base               
00002820  __TI_CINIT_Limit              
000027ec  __TI_Handler_Table_Base       
000027f8  __TI_Handler_Table_Limit      
00001c29  __TI_auto_init_nobinit_nopinit
00001b25  __TI_decompress_lzss          
00001dbf  __TI_decompress_none          
ffffffff  __TI_pprof_out_hndl           
ffffffff  __TI_prof_data_size           
ffffffff  __TI_prof_data_start          
00000000  __TI_static_base__            
00001d6b  __TI_zero_init_nomemset       
00001999  __aeabi_memcpy                
00001999  __aeabi_memcpy4               
00001999  __aeabi_memcpy8               
ffffffff  __binit__                     
ffffffff  __c_args__                    
UNDEFED   __mpu_init                    
20000270  __stack                       
00001d0d  _c_int00_noargs               
UNDEFED   _system_post_cinit            
00001ddf  _system_pre_init              
00001de3  abort                         
ffffffff  binit                         
000022e3  dBfs                          
00001959  drawTest                      
0000196b  drawTest2                     
000015dd  ferror                        
000015d1  fgetc                         
00000ee5  fillmessage                   
000015bf  fputc                         
20000000  g_pfnRAMVectors               
00000000  g_pfnVectors                  
0000190d  initGPIO                      
0000194f  initMisc                      
200004a4  lastj                         
0000197d  main                          
00001999  memcpy                        
00001801  uDMA_Error                    
000017ff  uDMA_Handler                  


GLOBAL SYMBOLS: SORTED BY Symbol Address 

address   name                          
-------   ----                          
00000000  __TI_static_base__            
00000000  g_pfnVectors                  
00000200  __STACK_SIZE                  
000002b9  Delay1ms                      
000004a5  ST7735_InitB                  
000004c5  ST7735_InitR                  
000005d5  ST7735_DrawPixel              
0000062f  ST7735_DrawFastVLine          
00000721  ST7735_DrawFastHLine          
000007d1  ST7735_FillScreen             
00000811  ST7735_FillRect               
0000091d  ST7735_Color565               
00000959  ST7735_SwapColor              
0000097f  ST7735_DrawBitmap             
00000b7d  ST7735_DrawCharS              
00000cf1  ST7735_DrawChar               
00000e5f  ST7735_DrawString             
00000ee5  fillmessage                   
00000f27  ST7735_SetCursor              
00000f4d  ST7735_OutUDec                
00000fc9  ST7735_SetRotation            
00001093  ST7735_InvertDisplay          
000010ab  ST7735_PlotClear              
00001107  ST7735_PlotPoint              
000011cd  ST7735_PlotLine               
00001307  ST7735_PlotPoints             
000013dd  ST7735_PlotBar                
00001433  ST7735_PlotdBfs               
0000147d  ST7735_PlotNext               
00001497  ST7735_PlotNextErase          
000014d1  ST7735_OutChar                
0000158d  ST7735_OutString              
000015ab  ST7735_SetTextColor           
000015bf  fputc                         
000015d1  fgetc                         
000015dd  ferror                        
000015eb  Output_Init                   
000015fb  Output_Clear                  
00001605  Output_Off                    
0000160d  Output_On                     
00001615  Output_Color                  
0000165d  GPIOPadConfigSet              
0000178f  ResetISR                      
0000179b  SVC_Handler                   
0000179d  DebugMon_Handler              
0000179f  PendSV_Handler                
000017a1  SysTick_Handler               
000017a3  GPIOPortA_Handler             
000017a5  GPIOPortB_Handler             
000017a7  GPIOPortC_Handler             
000017a9  GPIOPortD_Handler             
000017ab  GPIOPortE_Handler             
000017ad  UART0_Handler                 
000017af  UART1_Handler                 
000017b1  SSI0_Handler                  
000017b3  I2C0_Handler                  
000017b5  PWM0Fault_Handler             
000017b7  PWM0Generator0_Handler        
000017b9  PWM0Generator1_Handler        
000017bb  PWM0Generator2_Handler        
000017bd  Quadrature0_Handler           
000017bf  ADC0Seq0_Handler              
000017c1  ADC0Seq1_Handler              
000017c3  ADC0Seq2_Handler              
000017c5  ADC0Seq3_Handler              
000017c7  WDT_Handler                   
000017c9  Timer0A_Handler               
000017cb  Timer0B_Handler               
000017cd  Timer1A_Handler               
000017cf  Timer1B_Handler               
000017d1  Timer2A_Handler               
000017d3  Timer2B_Handler               
000017d5  Comp0_Handler                 
000017d7  Comp1_Handler                 
000017d9  Comp2_Handler                 
000017db  SysCtl_Handler                
000017dd  FlashCtl_Handler              
000017df  GPIOPortF_Handler             
000017e1  GPIOPortG_Handler             
000017e3  GPIOPortH_Handler             
000017e5  UART2_Handler                 
000017e7  SSI1_Handler                  
000017e9  Timer3A_Handler               
000017eb  Timer3B_Handler               
000017ed  I2C1_Handler                  
000017ef  Quadrature1_Handler           
000017f1  CAN0_Handler                  
000017f3  CAN1_Handler                  
000017f5  CAN2_Handler                  
000017f7  Ethernet_Handler              
000017f9  Hibernate_Handler             
000017fb  USB0_Handler                  
000017fd  PWM0Generator3_Handler        
000017ff  uDMA_Handler                  
00001801  uDMA_Error                    
00001803  ADC1Seq0_Handler              
00001805  ADC1Seq1_Handler              
00001807  ADC1Seq2_Handler              
00001809  ADC1Seq3_Handler              
0000180b  I2S0_Handler                  
0000180d  ExtBus_Handler                
0000180f  GPIOPortJ_Handler             
00001811  GPIOPortK_Handler             
00001813  GPIOPortL_Handler             
00001815  SSI2_Handler                  
00001817  SSI3_Handler                  
00001819  UART3_Handler                 
0000181b  UART4_Handler                 
0000181d  UART5_Handler                 
0000181f  UART6_Handler                 
00001821  UART7_Handler                 
00001823  I2C2_Handler                  
00001825  I2C3_Handler                  
00001827  Timer4A_Handler               
00001829  Timer4B_Handler               
0000182b  Timer5A_Handler               
0000182d  Timer5B_Handler               
0000182f  WideTimer0A_Handler           
00001831  WideTimer0B_Handler           
00001833  WideTimer1A_Handler           
00001835  WideTimer1B_Handler           
00001837  WideTimer2A_Handler           
00001839  WideTimer2B_Handler           
0000183b  WideTimer3A_Handler           
0000183d  WideTimer3B_Handler           
0000183f  WideTimer4A_Handler           
00001841  WideTimer4B_Handler           
00001843  WideTimer5A_Handler           
00001845  WideTimer5B_Handler           
00001847  FPU_Handler                   
00001849  PECI0_Handler                 
0000184b  LPC0_Handler                  
0000184d  I2C4_Handler                  
0000184f  I2C5_Handler                  
00001851  GPIOPortM_Handler             
00001853  GPIOPortN_Handler             
00001855  Quadrature2_Handler           
00001857  Fan0_Handler                  
00001859  GPIOPortP_Handler             
0000185b  GPIOPortP1_Handler            
0000185d  GPIOPortP2_Handler            
0000185f  GPIOPortP3_Handler            
00001861  GPIOPortP4_Handler            
00001863  GPIOPortP5_Handler            
00001865  GPIOPortP6_Handler            
00001867  GPIOPortP7_Handler            
00001869  GPIOPortQ_Handler             
0000186b  GPIOPortQ1_Handler            
0000186d  GPIOPortQ2_Handler            
0000186f  GPIOPortQ3_Handler            
00001871  GPIOPortQ4_Handler            
00001873  GPIOPortQ5_Handler            
00001875  GPIOPortQ6_Handler            
00001877  GPIOPortQ7_Handler            
00001879  GPIOPortR_Handler             
0000187b  GPIOPortS_Handler             
0000187d  PWM1Generator0_Handler        
0000187f  PWM1Generator1_Handler        
00001881  PWM1Generator2_Handler        
00001883  PWM1Generator3_Handler        
00001885  PWM1Fault_Handler             
00001887  DisableInterrupts             
0000188b  EnableInterrupts              
0000188f  StartCritical                 
00001897  EndCritical                   
0000189d  WaitForInterrupt              
000018a1  DelayWait10ms                 
000018d1  PortDIntHandler               
0000190d  initGPIO                      
0000194f  initMisc                      
00001959  drawTest                      
0000196b  drawTest2                     
0000197d  main                          
00001999  __aeabi_memcpy                
00001999  __aeabi_memcpy4               
00001999  __aeabi_memcpy8               
00001999  memcpy                        
00001a35  PLL_Init                      
00001abd  IntEnable                     
00001b25  __TI_decompress_lzss          
00001b8d  GPIOIntTypeSet                
00001c29  __TI_auto_init_nobinit_nopinit
00001c6d  SysCtlPeripheralReady         
00001ca5  IntRegister                   
00001cd9  SysCtlPeripheralEnable        
00001d0d  _c_int00_noargs               
00001d41  GPIODirModeSet                
00001d6b  __TI_zero_init_nomemset       
00001d87  GPIOIntRegister               
00001d9f  GPIOPinTypeGPIOInput          
00001db1  GPIOIntStatus                 
00001dbf  __TI_decompress_none          
00001dcd  GPIOIntEnable                 
00001dd9  GPIOIntClear                  
00001ddf  _system_pre_init              
00001de3  C$$EXIT                       
00001de3  abort                         
000022e3  dBfs                          
000027ec  __TI_Handler_Table_Base       
000027f8  __TI_Handler_Table_Limit      
00002808  __TI_CINIT_Base               
00002820  __TI_CINIT_Limit              
20000000  g_pfnRAMVectors               
20000270  __stack                       
20000470  Message                       
20000470  __STACK_END                   
20000470  __STACK_TOP                   
20000480  Messageindex                  
20000484  X                             
20000488  Ymax                          
2000048c  Ymin                          
20000490  Yrange                        
20000494  StX                           
20000498  StY                           
2000049c  StTextColor                   
200004a4  lastj                         
ffffffff  __TI_pprof_out_hndl           
ffffffff  __TI_prof_data_size           
ffffffff  __TI_prof_data_start          
ffffffff  __binit__                     
ffffffff  __c_args__                    
ffffffff  binit                         
UNDEFED   __mpu_init                    
UNDEFED   _system_post_cinit            

[224 symbols]
